// Jest Snapshot v1, https://goo.gl/fbAQLP

exports[`FormInput properties renders FormInput component 1`] = `<div />`;
